mode: set
github.com/SyamSolution/transaction-service/internal/handler/transaction.go:38.139,40.2 1 0
github.com/SyamSolution/transaction-service/internal/handler/transaction.go:42.61,44.47 2 0
github.com/SyamSolution/transaction-service/internal/handler/transaction.go:44.47,52.3 2 0
github.com/SyamSolution/transaction-service/internal/handler/transaction.go:55.2,57.16 3 0
github.com/SyamSolution/transaction-service/internal/handler/transaction.go:57.16,59.3 1 0
github.com/SyamSolution/transaction-service/internal/handler/transaction.go:60.2,60.25 1 0
github.com/SyamSolution/transaction-service/internal/handler/transaction.go:60.25,63.17 3 0
github.com/SyamSolution/transaction-service/internal/handler/transaction.go:63.17,71.4 2 0
github.com/SyamSolution/transaction-service/internal/handler/transaction.go:73.3,76.17 3 0
github.com/SyamSolution/transaction-service/internal/handler/transaction.go:76.17,84.4 2 0
github.com/SyamSolution/transaction-service/internal/handler/transaction.go:85.3,88.17 3 0
github.com/SyamSolution/transaction-service/internal/handler/transaction.go:88.17,96.4 2 0
github.com/SyamSolution/transaction-service/internal/handler/transaction.go:98.3,100.17 3 0
github.com/SyamSolution/transaction-service/internal/handler/transaction.go:100.17,108.4 2 0
github.com/SyamSolution/transaction-service/internal/handler/transaction.go:110.3,110.43 1 0
github.com/SyamSolution/transaction-service/internal/handler/transaction.go:110.43,117.4 1 0
github.com/SyamSolution/transaction-service/internal/handler/transaction.go:118.3,122.17 4 0
github.com/SyamSolution/transaction-service/internal/handler/transaction.go:122.17,130.4 2 0
github.com/SyamSolution/transaction-service/internal/handler/transaction.go:131.8,133.17 2 0
github.com/SyamSolution/transaction-service/internal/handler/transaction.go:133.17,141.4 2 0
github.com/SyamSolution/transaction-service/internal/handler/transaction.go:144.2,145.16 2 0
github.com/SyamSolution/transaction-service/internal/handler/transaction.go:145.16,146.52 1 0
github.com/SyamSolution/transaction-service/internal/handler/transaction.go:146.52,153.4 1 0
github.com/SyamSolution/transaction-service/internal/handler/transaction.go:153.9,161.4 2 0
github.com/SyamSolution/transaction-service/internal/handler/transaction.go:164.2,180.4 1 0
github.com/SyamSolution/transaction-service/internal/handler/transaction.go:183.73,187.16 3 0
github.com/SyamSolution/transaction-service/internal/handler/transaction.go:187.16,195.3 2 0
github.com/SyamSolution/transaction-service/internal/handler/transaction.go:198.2,199.16 2 0
github.com/SyamSolution/transaction-service/internal/handler/transaction.go:199.16,207.3 2 0
github.com/SyamSolution/transaction-service/internal/handler/transaction.go:208.2,216.4 2 0
github.com/SyamSolution/transaction-service/internal/handler/transaction.go:219.62,223.47 3 0
github.com/SyamSolution/transaction-service/internal/handler/transaction.go:223.47,231.3 2 0
github.com/SyamSolution/transaction-service/internal/handler/transaction.go:232.2,235.16 3 0
github.com/SyamSolution/transaction-service/internal/handler/transaction.go:235.16,243.3 2 0
github.com/SyamSolution/transaction-service/internal/handler/transaction.go:245.2,251.4 1 0
github.com/SyamSolution/transaction-service/internal/handler/transaction.go:254.66,262.61 4 0
github.com/SyamSolution/transaction-service/internal/handler/transaction.go:262.61,267.3 1 0
github.com/SyamSolution/transaction-service/internal/handler/transaction.go:270.2,271.13 2 0
github.com/SyamSolution/transaction-service/internal/handler/transaction.go:271.13,276.3 1 0
github.com/SyamSolution/transaction-service/internal/handler/transaction.go:279.2,280.16 2 0
github.com/SyamSolution/transaction-service/internal/handler/transaction.go:280.16,285.3 1 0
github.com/SyamSolution/transaction-service/internal/handler/transaction.go:287.2,288.16 2 0
github.com/SyamSolution/transaction-service/internal/handler/transaction.go:288.16,293.3 2 0
github.com/SyamSolution/transaction-service/internal/handler/transaction.go:296.2,296.34 1 0
github.com/SyamSolution/transaction-service/internal/handler/transaction.go:296.34,297.50 1 0
github.com/SyamSolution/transaction-service/internal/handler/transaction.go:298.18,299.56 1 0
github.com/SyamSolution/transaction-service/internal/handler/transaction.go:299.57,301.5 0 0
github.com/SyamSolution/transaction-service/internal/handler/transaction.go:301.10,301.60 1 0
github.com/SyamSolution/transaction-service/internal/handler/transaction.go:301.60,303.67 1 0
github.com/SyamSolution/transaction-service/internal/handler/transaction.go:303.67,310.20 3 0
github.com/SyamSolution/transaction-service/internal/handler/transaction.go:310.20,314.7 2 0
github.com/SyamSolution/transaction-service/internal/handler/transaction.go:316.6,316.134 1 0
github.com/SyamSolution/transaction-service/internal/handler/transaction.go:316.134,318.7 1 0
github.com/SyamSolution/transaction-service/internal/handler/transaction.go:321.5,322.19 2 0
github.com/SyamSolution/transaction-service/internal/handler/transaction.go:322.19,327.6 2 0
github.com/SyamSolution/transaction-service/internal/handler/transaction.go:329.21,332.18 2 0
github.com/SyamSolution/transaction-service/internal/handler/transaction.go:332.18,337.5 2 0
github.com/SyamSolution/transaction-service/internal/handler/transaction.go:339.4,351.66 2 0
github.com/SyamSolution/transaction-service/internal/handler/transaction.go:351.66,356.5 1 0
github.com/SyamSolution/transaction-service/internal/handler/transaction.go:357.4,358.18 2 0
github.com/SyamSolution/transaction-service/internal/handler/transaction.go:358.18,362.5 2 0
github.com/SyamSolution/transaction-service/internal/handler/transaction.go:364.4,364.123 1 0
github.com/SyamSolution/transaction-service/internal/handler/transaction.go:364.123,366.5 1 0
github.com/SyamSolution/transaction-service/internal/handler/transaction.go:368.4,368.66 1 0
github.com/SyamSolution/transaction-service/internal/handler/transaction.go:368.66,375.19 3 0
github.com/SyamSolution/transaction-service/internal/handler/transaction.go:375.19,379.6 2 0
github.com/SyamSolution/transaction-service/internal/handler/transaction.go:381.5,381.133 1 0
github.com/SyamSolution/transaction-service/internal/handler/transaction.go:381.133,383.6 1 0
github.com/SyamSolution/transaction-service/internal/handler/transaction.go:386.4,387.18 2 0
github.com/SyamSolution/transaction-service/internal/handler/transaction.go:387.18,392.5 2 0
github.com/SyamSolution/transaction-service/internal/handler/transaction.go:393.15,393.15 0 0
github.com/SyamSolution/transaction-service/internal/handler/transaction.go:395.27,398.66 1 0
github.com/SyamSolution/transaction-service/internal/handler/transaction.go:398.66,405.19 3 0
github.com/SyamSolution/transaction-service/internal/handler/transaction.go:405.19,409.6 2 0
github.com/SyamSolution/transaction-service/internal/handler/transaction.go:411.5,411.131 1 0
github.com/SyamSolution/transaction-service/internal/handler/transaction.go:411.131,413.6 1 0
github.com/SyamSolution/transaction-service/internal/handler/transaction.go:416.4,417.18 2 0
github.com/SyamSolution/transaction-service/internal/handler/transaction.go:417.18,422.5 2 0
github.com/SyamSolution/transaction-service/internal/handler/transaction.go:423.18,426.18 2 0
github.com/SyamSolution/transaction-service/internal/handler/transaction.go:426.18,431.5 2 0
github.com/SyamSolution/transaction-service/internal/handler/transaction.go:436.2,438.4 1 0
github.com/SyamSolution/transaction-service/internal/handler/transaction.go:441.69,447.16 5 0
github.com/SyamSolution/transaction-service/internal/handler/transaction.go:447.16,455.3 2 0
github.com/SyamSolution/transaction-service/internal/handler/transaction.go:457.2,462.4 1 0
github.com/SyamSolution/transaction-service/internal/repository/transaction_repository.go:25.86,27.2 1 1
github.com/SyamSolution/transaction-service/internal/repository/transaction_repository.go:29.133,38.16 4 1
github.com/SyamSolution/transaction-service/internal/repository/transaction_repository.go:38.16,41.3 2 0
github.com/SyamSolution/transaction-service/internal/repository/transaction_repository.go:43.2,46.16 2 1
github.com/SyamSolution/transaction-service/internal/repository/transaction_repository.go:46.16,48.39 2 0
github.com/SyamSolution/transaction-service/internal/repository/transaction_repository.go:48.39,50.4 1 0
github.com/SyamSolution/transaction-service/internal/repository/transaction_repository.go:51.3,51.13 1 0
github.com/SyamSolution/transaction-service/internal/repository/transaction_repository.go:53.2,55.39 2 1
github.com/SyamSolution/transaction-service/internal/repository/transaction_repository.go:55.39,57.17 2 1
github.com/SyamSolution/transaction-service/internal/repository/transaction_repository.go:57.17,59.40 2 0
github.com/SyamSolution/transaction-service/internal/repository/transaction_repository.go:59.40,61.5 1 0
github.com/SyamSolution/transaction-service/internal/repository/transaction_repository.go:62.4,62.14 1 0
github.com/SyamSolution/transaction-service/internal/repository/transaction_repository.go:66.2,67.16 2 1
github.com/SyamSolution/transaction-service/internal/repository/transaction_repository.go:67.16,70.3 2 0
github.com/SyamSolution/transaction-service/internal/repository/transaction_repository.go:72.2,72.12 1 1
github.com/SyamSolution/transaction-service/internal/repository/transaction_repository.go:75.123,83.16 4 1
github.com/SyamSolution/transaction-service/internal/repository/transaction_repository.go:83.16,86.3 2 0
github.com/SyamSolution/transaction-service/internal/repository/transaction_repository.go:88.2,88.26 1 1
github.com/SyamSolution/transaction-service/internal/repository/transaction_repository.go:91.100,99.16 4 1
github.com/SyamSolution/transaction-service/internal/repository/transaction_repository.go:99.16,102.3 2 0
github.com/SyamSolution/transaction-service/internal/repository/transaction_repository.go:104.2,104.26 1 1
github.com/SyamSolution/transaction-service/internal/repository/transaction_repository.go:107.123,113.16 4 1
github.com/SyamSolution/transaction-service/internal/repository/transaction_repository.go:113.16,116.3 2 0
github.com/SyamSolution/transaction-service/internal/repository/transaction_repository.go:117.2,119.18 2 1
github.com/SyamSolution/transaction-service/internal/repository/transaction_repository.go:119.18,124.17 3 1
github.com/SyamSolution/transaction-service/internal/repository/transaction_repository.go:124.17,127.4 2 0
github.com/SyamSolution/transaction-service/internal/repository/transaction_repository.go:128.3,128.69 1 1
github.com/SyamSolution/transaction-service/internal/repository/transaction_repository.go:131.2,131.32 1 1
github.com/SyamSolution/transaction-service/internal/repository/transaction_repository.go:134.119,140.26 3 1
github.com/SyamSolution/transaction-service/internal/repository/transaction_repository.go:140.26,142.3 1 0
github.com/SyamSolution/transaction-service/internal/repository/transaction_repository.go:150.2,151.16 2 1
github.com/SyamSolution/transaction-service/internal/repository/transaction_repository.go:151.16,154.3 2 0
github.com/SyamSolution/transaction-service/internal/repository/transaction_repository.go:155.2,157.18 2 1
github.com/SyamSolution/transaction-service/internal/repository/transaction_repository.go:157.18,162.17 3 1
github.com/SyamSolution/transaction-service/internal/repository/transaction_repository.go:162.17,165.4 2 0
github.com/SyamSolution/transaction-service/internal/repository/transaction_repository.go:166.3,166.51 1 1
github.com/SyamSolution/transaction-service/internal/repository/transaction_repository.go:169.2,169.26 1 1
github.com/SyamSolution/transaction-service/internal/repository/transaction_repository.go:172.94,176.16 3 1
github.com/SyamSolution/transaction-service/internal/repository/transaction_repository.go:176.16,179.3 2 0
github.com/SyamSolution/transaction-service/internal/repository/transaction_repository.go:181.2,181.12 1 1
github.com/SyamSolution/transaction-service/internal/repository/transaction_repository.go:184.97,189.16 4 1
github.com/SyamSolution/transaction-service/internal/repository/transaction_repository.go:189.16,192.3 2 0
github.com/SyamSolution/transaction-service/internal/repository/transaction_repository.go:193.2,195.18 2 1
github.com/SyamSolution/transaction-service/internal/repository/transaction_repository.go:195.18,198.17 3 1
github.com/SyamSolution/transaction-service/internal/repository/transaction_repository.go:198.17,201.4 2 0
github.com/SyamSolution/transaction-service/internal/repository/transaction_repository.go:202.3,202.45 1 1
github.com/SyamSolution/transaction-service/internal/repository/transaction_repository.go:205.2,205.24 1 1
github.com/SyamSolution/transaction-service/internal/usecase/transaction_usecase.go:32.119,34.2 1 1
github.com/SyamSolution/transaction-service/internal/usecase/transaction_usecase.go:36.142,38.16 2 0
github.com/SyamSolution/transaction-service/internal/usecase/transaction_usecase.go:38.16,41.3 2 0
github.com/SyamSolution/transaction-service/internal/usecase/transaction_usecase.go:43.2,43.17 1 0
github.com/SyamSolution/transaction-service/internal/usecase/transaction_usecase.go:43.17,45.3 1 0
github.com/SyamSolution/transaction-service/internal/usecase/transaction_usecase.go:48.2,49.16 2 0
github.com/SyamSolution/transaction-service/internal/usecase/transaction_usecase.go:49.16,52.3 2 0
github.com/SyamSolution/transaction-service/internal/usecase/transaction_usecase.go:54.2,56.46 3 0
github.com/SyamSolution/transaction-service/internal/usecase/transaction_usecase.go:56.46,57.29 1 0
github.com/SyamSolution/transaction-service/internal/usecase/transaction_usecase.go:57.29,58.37 1 0
github.com/SyamSolution/transaction-service/internal/usecase/transaction_usecase.go:58.37,60.5 1 0
github.com/SyamSolution/transaction-service/internal/usecase/transaction_usecase.go:63.3,79.29 3 0
github.com/SyamSolution/transaction-service/internal/usecase/transaction_usecase.go:79.29,80.35 1 0
github.com/SyamSolution/transaction-service/internal/usecase/transaction_usecase.go:80.35,81.34 1 0
github.com/SyamSolution/transaction-service/internal/usecase/transaction_usecase.go:81.34,84.6 2 0
github.com/SyamSolution/transaction-service/internal/usecase/transaction_usecase.go:88.3,89.17 2 0
github.com/SyamSolution/transaction-service/internal/usecase/transaction_usecase.go:89.17,93.4 2 0
github.com/SyamSolution/transaction-service/internal/usecase/transaction_usecase.go:95.3,95.128 1 0
github.com/SyamSolution/transaction-service/internal/usecase/transaction_usecase.go:95.128,97.4 1 0
github.com/SyamSolution/transaction-service/internal/usecase/transaction_usecase.go:99.3,99.69 1 0
github.com/SyamSolution/transaction-service/internal/usecase/transaction_usecase.go:102.2,121.16 4 0
github.com/SyamSolution/transaction-service/internal/usecase/transaction_usecase.go:121.16,124.3 2 0
github.com/SyamSolution/transaction-service/internal/usecase/transaction_usecase.go:125.2,126.33 2 0
github.com/SyamSolution/transaction-service/internal/usecase/transaction_usecase.go:126.33,127.20 1 0
github.com/SyamSolution/transaction-service/internal/usecase/transaction_usecase.go:127.20,129.4 1 0
github.com/SyamSolution/transaction-service/internal/usecase/transaction_usecase.go:132.2,132.31 1 0
github.com/SyamSolution/transaction-service/internal/usecase/transaction_usecase.go:132.31,135.17 2 0
github.com/SyamSolution/transaction-service/internal/usecase/transaction_usecase.go:135.17,138.4 2 0
github.com/SyamSolution/transaction-service/internal/usecase/transaction_usecase.go:142.2,143.39 1 0
github.com/SyamSolution/transaction-service/internal/usecase/transaction_usecase.go:143.39,144.55 1 0
github.com/SyamSolution/transaction-service/internal/usecase/transaction_usecase.go:144.55,145.58 1 0
github.com/SyamSolution/transaction-service/internal/usecase/transaction_usecase.go:145.58,151.20 3 0
github.com/SyamSolution/transaction-service/internal/usecase/transaction_usecase.go:151.20,154.7 2 0
github.com/SyamSolution/transaction-service/internal/usecase/transaction_usecase.go:155.6,157.17 3 0
github.com/SyamSolution/transaction-service/internal/usecase/transaction_usecase.go:163.2,164.16 2 0
github.com/SyamSolution/transaction-service/internal/usecase/transaction_usecase.go:164.16,167.3 2 0
github.com/SyamSolution/transaction-service/internal/usecase/transaction_usecase.go:170.2,200.16 7 0
github.com/SyamSolution/transaction-service/internal/usecase/transaction_usecase.go:200.16,204.3 2 0
github.com/SyamSolution/transaction-service/internal/usecase/transaction_usecase.go:206.2,206.124 1 0
github.com/SyamSolution/transaction-service/internal/usecase/transaction_usecase.go:206.124,208.3 1 0
github.com/SyamSolution/transaction-service/internal/usecase/transaction_usecase.go:210.2,210.77 1 0
github.com/SyamSolution/transaction-service/internal/usecase/transaction_usecase.go:213.129,215.16 2 1
github.com/SyamSolution/transaction-service/internal/usecase/transaction_usecase.go:215.16,218.3 2 0
github.com/SyamSolution/transaction-service/internal/usecase/transaction_usecase.go:220.2,221.16 2 1
github.com/SyamSolution/transaction-service/internal/usecase/transaction_usecase.go:221.16,224.3 2 0
github.com/SyamSolution/transaction-service/internal/usecase/transaction_usecase.go:226.2,227.44 2 1
github.com/SyamSolution/transaction-service/internal/usecase/transaction_usecase.go:227.44,237.3 2 1
github.com/SyamSolution/transaction-service/internal/usecase/transaction_usecase.go:239.2,250.33 2 1
github.com/SyamSolution/transaction-service/internal/usecase/transaction_usecase.go:253.106,255.16 2 1
github.com/SyamSolution/transaction-service/internal/usecase/transaction_usecase.go:255.16,258.3 2 0
github.com/SyamSolution/transaction-service/internal/usecase/transaction_usecase.go:260.2,261.16 2 1
github.com/SyamSolution/transaction-service/internal/usecase/transaction_usecase.go:261.16,264.3 2 0
github.com/SyamSolution/transaction-service/internal/usecase/transaction_usecase.go:266.2,267.44 2 1
github.com/SyamSolution/transaction-service/internal/usecase/transaction_usecase.go:267.44,277.3 2 1
github.com/SyamSolution/transaction-service/internal/usecase/transaction_usecase.go:279.2,294.33 2 1
github.com/SyamSolution/transaction-service/internal/usecase/transaction_usecase.go:297.129,299.16 2 1
github.com/SyamSolution/transaction-service/internal/usecase/transaction_usecase.go:299.16,302.3 2 0
github.com/SyamSolution/transaction-service/internal/usecase/transaction_usecase.go:304.2,305.43 2 1
github.com/SyamSolution/transaction-service/internal/usecase/transaction_usecase.go:305.43,315.3 2 1
github.com/SyamSolution/transaction-service/internal/usecase/transaction_usecase.go:317.2,317.38 1 1
github.com/SyamSolution/transaction-service/internal/usecase/transaction_usecase.go:320.92,322.16 2 1
github.com/SyamSolution/transaction-service/internal/usecase/transaction_usecase.go:322.16,325.3 2 0
github.com/SyamSolution/transaction-service/internal/usecase/transaction_usecase.go:327.2,327.12 1 1
github.com/SyamSolution/transaction-service/internal/util/rest.go:11.65,19.2 1 1
github.com/SyamSolution/transaction-service/internal/util/rest.go:21.85,28.2 1 1
github.com/SyamSolution/transaction-service/internal/util/rest.go:30.91,33.16 3 1
github.com/SyamSolution/transaction-service/internal/util/rest.go:33.16,36.3 2 1
github.com/SyamSolution/transaction-service/internal/util/rest.go:37.2,42.3 1 1
github.com/SyamSolution/transaction-service/internal/util/rest.go:45.69,48.16 3 1
github.com/SyamSolution/transaction-service/internal/util/rest.go:48.16,51.3 2 1
github.com/SyamSolution/transaction-service/internal/util/rest.go:52.2,58.3 1 1
github.com/SyamSolution/transaction-service/internal/util/rest.go:61.77,70.2 1 1
github.com/SyamSolution/transaction-service/internal/util/rest.go:72.60,74.16 2 0
github.com/SyamSolution/transaction-service/internal/util/rest.go:74.16,75.56 1 0
github.com/SyamSolution/transaction-service/internal/util/rest.go:75.56,80.4 4 0
github.com/SyamSolution/transaction-service/internal/util/rest.go:82.2,82.15 1 0
github.com/SyamSolution/transaction-service/internal/util/rest.go:85.46,93.2 1 1
github.com/SyamSolution/transaction-service/internal/util/rest.go:95.51,100.2 1 1
github.com/SyamSolution/transaction-service/internal/util/time.go:10.36,12.16 2 1
github.com/SyamSolution/transaction-service/internal/util/time.go:12.16,14.3 1 1
github.com/SyamSolution/transaction-service/internal/util/time.go:16.2,17.16 2 1
github.com/SyamSolution/transaction-service/internal/util/time.go:17.16,19.3 1 1
github.com/SyamSolution/transaction-service/internal/util/time.go:21.2,21.12 1 1
